// Jest Snapshot v1, https://goo.gl/fbAQLP

exports[`article/list-header component matches snapshot 1`] = `
<DocumentFragment>
  <div
    class="list-header"
  >
    <div
      class="logo-box"
    >
      <p
        class="logo"
      >
        logo
      </p>
    </div>
  </div>
</DocumentFragment>
`;
